
> react-typescript-starter@0.1.0 test
> react-scripts test --coverage

Browserslist: caniuse-lite is outdated. Please run:
  npx browserslist@latest --update-db
  Why you should do it regularly: https://github.com/browserslist/browserslist#browsers-data-updating
  console.error
    Warning: validateDOMNesting(...): <div> cannot appear as a descendant of <p>.
        at div
        at /home/runner/work/CISC275Repo/CISC275Repo/node_modules/react-bootstrap/cjs/FormGroup.js:19:3
        at div
        at WelcomeMessage (/home/runner/work/CISC275Repo/CISC275Repo/src/Name.tsx:5:29)
        at p
        at header
        at div
        at App

      at printWarning (node_modules/react-dom/cjs/react-dom.development.js:67:30)
      at error (node_modules/react-dom/cjs/react-dom.development.js:43:5)
      at validateDOMNesting (node_modules/react-dom/cjs/react-dom.development.js:10083:7)
      at createInstance (node_modules/react-dom/cjs/react-dom.development.js:10181:5)
      at completeWork (node_modules/react-dom/cjs/react-dom.development.js:19464:28)
      at completeUnitOfWork (node_modules/react-dom/cjs/react-dom.development.js:22812:16)
      at performUnitOfWork (node_modules/react-dom/cjs/react-dom.development.js:22787:5)

  console.error
    Warning: validateDOMNesting(...): <ul> cannot appear as a descendant of <p>.
        at ul
        at p
        at header
        at div
        at App

      at printWarning (node_modules/react-dom/cjs/react-dom.development.js:67:30)
      at error (node_modules/react-dom/cjs/react-dom.development.js:43:5)
      at validateDOMNesting (node_modules/react-dom/cjs/react-dom.development.js:10083:7)
      at createInstance (node_modules/react-dom/cjs/react-dom.development.js:10181:5)
      at completeWork (node_modules/react-dom/cjs/react-dom.development.js:19464:28)
      at completeUnitOfWork (node_modules/react-dom/cjs/react-dom.development.js:22812:16)
      at performUnitOfWork (node_modules/react-dom/cjs/react-dom.development.js:22787:5)

FAIL src/App.test.tsx
  ✕ renders the course name somewhere (102 ms)

  ● renders the course name somewhere

    TestingLibraryElementError: Unable to find an element with the text: /CISC275/i. This could be because the text is broken up by multiple elements. In this case, you can provide a function for your text matcher to make your matcher more flexible.

    Ignored nodes: comments, <script />, <style />
    [36m<body>[39m
      [36m<div>[39m
        [36m<div[39m
          [33mclass[39m=[32m"App"[39m
        [36m>[39m
          [36m<header[39m
            [33mclass[39m=[32m"App-header"[39m
          [36m>[39m
            [0mUniversity of Delaware Computer Science Degree Plan[0m
            [36m<p>[39m
              [36m<div>[39m
                [36m<div>[39m
                  [36m<label[39m
                    [33mclass[39m=[32m"form-label"[39m
                    [33mfor[39m=[32m"formStudent"[39m
                  [36m>[39m
                    [0mName:[0m
                  [36m</label>[39m
                  [36m<input[39m
                    [33mclass[39m=[32m"form-control"[39m
                    [33mid[39m=[32m"formStudent"[39m
                    [33mvalue[39m=[32m"New Student"[39m
                  [36m/>[39m
                [36m</div>[39m
                [36m<div>[39m
                  [0mWelcome [0m
                  [0mNew Student[0m
                  [0m, here you will create you potential class schedule.[0m
                [36m</div>[39m
              [36m</div>[39m
            [36m</p>[39m
            [36m<p>[39m
              [36m<ul[39m
                [33mclass[39m=[32m"horizontal-list"[39m
              [36m>[39m
                [36m<li>[39m
                  [0m Aidan Bell [0m
                [36m</li>[39m
                [36m<li>[39m
                  [0mLawrence Collins [0m
                [36m</li>[39m
                [36m<li>[39m
                  [0mNicky Reigel[0m
                [36m</li>[39m
                [36m<li>[39m
                  [0mMelvin Rau[0m
                [36m</li>[39m
                [36m<li>[39m
                  [0mVictor Vasquez[0m
                [36m</li>[39m
              [36m</ul>[39m
            [36m</p>[39m
          [36m</header>[39m
          [36m<p>[39m
            [36m<code>[39m
              [0msrc/App.tsx[0m
            [36m</code>[39m
            [0m and save. This page will automatically reload.[0m
          [36m</p>[39m
          [36m<div[39m
            [33mclass[39m=[32m"div-alignleft"[39m
          [36m>[39m
            [36m<div[39m
              [33mclass[39m=[32m"App-blockleft"[39m
            [36m>[39m
              [36m<p>[39m
                [0msample block left[0m
              [36m</p>[39m
            [36m</div>[39m
          [36m</div>[39m
          [36m<div[39m
            [33mclass[39m=[32m"div-alignright"[39m
          [36m>[39m
            [36m<div[39m
              [33mclass[39m=[32m"App-blockright"[39m
            [36m>[39m
              [36m<p>[39m
                [0msample block right[0m
              [36m</p>[39m
            [36m</div>[39m
          [36m</div>[39m
        [36m</div>[39m
      [36m</div>[39m
    [36m</body>[39m

       5 | test("renders the course name somewhere", () => {
       6 |     render(<App />);
    >  7 |     const linkElement = screen.getByText(/CISC275/i);
         |                                ^
       8 |     expect(linkElement).toBeInTheDocument();
       9 | });
      10 |

      at Object.getElementError (node_modules/@testing-library/dom/dist/config.js:38:19)
      at node_modules/@testing-library/dom/dist/query-helpers.js:90:38
      at node_modules/@testing-library/dom/dist/query-helpers.js:62:17
      at getByText (node_modules/@testing-library/dom/dist/query-helpers.js:111:19)
      at Object.<anonymous> (src/App.test.tsx:7:32)
      at TestScheduler.scheduleTests (node_modules/@jest/core/build/TestScheduler.js:333:13)
      at runJest (node_modules/@jest/core/build/runJest.js:404:19)
      at _run10000 (node_modules/@jest/core/build/cli/index.js:320:7)
      at runCLI (node_modules/@jest/core/build/cli/index.js:173:3)

-------------------|---------|----------|---------|---------|-------------------
File               | % Stmts | % Branch | % Funcs | % Lines | Uncovered Line #s 
-------------------|---------|----------|---------|---------|-------------------
All files          |   17.64 |        0 |   28.57 |   17.64 |                   
 src               |   17.64 |        0 |   28.57 |   17.64 |                   
  App.tsx          |     100 |      100 |     100 |     100 |                   
  ImportExport.tsx |       0 |        0 |       0 |       0 | 5-24              
  Name.tsx         |   66.66 |      100 |      50 |   66.66 | 8                 
 src/interfaces    |       0 |        0 |       0 |       0 |                   
  course.ts        |       0 |        0 |       0 |       0 |                   
  degreeplan.ts    |       0 |        0 |       0 |       0 |                   
  semester.ts      |       0 |        0 |       0 |       0 |                   
-------------------|---------|----------|---------|---------|-------------------
Test Suites: 1 failed, 1 total
Tests:       1 failed, 1 total
Snapshots:   0 total
Time:        2.045 s
Ran all test suites.
